Archive member included because of file (symbol)

c:/program files (x86)/gnu tools arm embedded/4.8 2013q4/bin/../lib/gcc/arm-none-eabi/4.8.3/../../../../arm-none-eabi/lib/armv7e-m\libc.a(lib_a-malloc.o)
                              ..\obj\main.o (malloc)
c:/program files (x86)/gnu tools arm embedded/4.8 2013q4/bin/../lib/gcc/arm-none-eabi/4.8.3/../../../../arm-none-eabi/lib/armv7e-m\libc.a(lib_a-mallocr.o)
                              c:/program files (x86)/gnu tools arm embedded/4.8 2013q4/bin/../lib/gcc/arm-none-eabi/4.8.3/../../../../arm-none-eabi/lib/armv7e-m\libc.a(lib_a-malloc.o) (_malloc_r)
c:/program files (x86)/gnu tools arm embedded/4.8 2013q4/bin/../lib/gcc/arm-none-eabi/4.8.3/../../../../arm-none-eabi/lib/armv7e-m\libc.a(lib_a-mlock.o)
                              c:/program files (x86)/gnu tools arm embedded/4.8 2013q4/bin/../lib/gcc/arm-none-eabi/4.8.3/../../../../arm-none-eabi/lib/armv7e-m\libc.a(lib_a-mallocr.o) (__malloc_lock)
c:/program files (x86)/gnu tools arm embedded/4.8 2013q4/bin/../lib/gcc/arm-none-eabi/4.8.3/../../../../arm-none-eabi/lib/armv7e-m\libc.a(lib_a-sbrkr.o)
                              c:/program files (x86)/gnu tools arm embedded/4.8 2013q4/bin/../lib/gcc/arm-none-eabi/4.8.3/../../../../arm-none-eabi/lib/armv7e-m\libc.a(lib_a-mallocr.o) (_sbrk_r)
c:/program files (x86)/gnu tools arm embedded/4.8 2013q4/bin/../lib/gcc/arm-none-eabi/4.8.3/../../../../arm-none-eabi/lib/armv7e-m\libc.a(lib_a-strcat.o)
                              ..\obj\main.o (strcat)
c:/program files (x86)/gnu tools arm embedded/4.8 2013q4/bin/../lib/gcc/arm-none-eabi/4.8.3/../../../../arm-none-eabi/lib/armv7e-m\libc.a(lib_a-strcmp.o)
                              ..\obj\main.o (strcmp)
c:/program files (x86)/gnu tools arm embedded/4.8 2013q4/bin/../lib/gcc/arm-none-eabi/4.8.3/../../../../arm-none-eabi/lib/armv7e-m\libc.a(lib_a-strcpy.o)
                              ..\obj\main.o (strcpy)
c:/program files (x86)/gnu tools arm embedded/4.8 2013q4/bin/../lib/gcc/arm-none-eabi/4.8.3/../../../../arm-none-eabi/lib/armv7e-m\libc.a(lib_a-strlen.o)
                              ..\obj\main.o (strlen)
c:/program files (x86)/gnu tools arm embedded/4.8 2013q4/bin/../lib/gcc/arm-none-eabi/4.8.3/../../../../arm-none-eabi/lib/armv7e-m\libc.a(lib_a-freer.o)
                              c:/program files (x86)/gnu tools arm embedded/4.8 2013q4/bin/../lib/gcc/arm-none-eabi/4.8.3/../../../../arm-none-eabi/lib/armv7e-m\libc.a(lib_a-malloc.o) (_free_r)
c:/program files (x86)/gnu tools arm embedded/4.8 2013q4/bin/../lib/gcc/arm-none-eabi/4.8.3/../../../../arm-none-eabi/lib/armv7e-m\libc.a(lib_a-reent.o)
                              c:/program files (x86)/gnu tools arm embedded/4.8 2013q4/bin/../lib/gcc/arm-none-eabi/4.8.3/../../../../arm-none-eabi/lib/armv7e-m\libc.a(lib_a-sbrkr.o) (errno)

Allocating common symbols
Common symbol       size              file

f                   0x4               ..\obj\main.o
errno               0x4               c:/program files (x86)/gnu tools arm embedded/4.8 2013q4/bin/../lib/gcc/arm-none-eabi/4.8.3/../../../../arm-none-eabi/lib/armv7e-m\libc.a(lib_a-reent.o)
buffer              0x1000            ..\obj\main.o
d                   0x4               ..\obj\main.o

Discarded input sections

 .text          0x00000000        0x0 ..\obj\semihosting.o
 .data          0x00000000        0x0 ..\obj\semihosting.o
 .text.SH_SendString
                0x00000000       0x24 ..\obj\semihosting.o
 .text.SH_GetChar
                0x00000000       0x40 ..\obj\semihosting.o
 .text          0x00000000        0x0 ..\obj\delay.o
 .data          0x00000000        0x0 ..\obj\delay.o
 .bss           0x00000000        0x1 ..\obj\delay.o
 .text.delay_init
                0x00000000       0x34 ..\obj\delay.o
 .text.delay_ms
                0x00000000       0x24 ..\obj\delay.o
 .text.delay_us
                0x00000000       0x5c ..\obj\delay.o
 .debug_info    0x00000000      0x189 ..\obj\delay.o
 .debug_abbrev  0x00000000       0xed ..\obj\delay.o
 .debug_aranges
                0x00000000       0x30 ..\obj\delay.o
 .debug_ranges  0x00000000       0x20 ..\obj\delay.o
 .debug_line    0x00000000      0x125 ..\obj\delay.o
 .debug_str     0x00000000      0x1b1 ..\obj\delay.o
 .comment       0x00000000       0x71 ..\obj\delay.o
 .ARM.attributes
                0x00000000       0x33 ..\obj\delay.o
 .debug_frame   0x00000000       0x68 ..\obj\delay.o
 .text          0x00000000        0x0 ..\obj\stm32f4xx_sdio.o
 .data          0x00000000        0x0 ..\obj\stm32f4xx_sdio.o
 .bss           0x00000000        0x0 ..\obj\stm32f4xx_sdio.o
 .text.SDIO_DeInit
                0x00000000       0x1c ..\obj\stm32f4xx_sdio.o
 .text.SDIO_Init
                0x00000000       0x5c ..\obj\stm32f4xx_sdio.o
 .text.SDIO_StructInit
                0x00000000       0x38 ..\obj\stm32f4xx_sdio.o
 .text.SDIO_ClockCmd
                0x00000000       0x20 ..\obj\stm32f4xx_sdio.o
 .text.SDIO_SetPowerState
                0x00000000       0x1c ..\obj\stm32f4xx_sdio.o
 .text.SDIO_GetPowerState
                0x00000000       0x1c ..\obj\stm32f4xx_sdio.o
 .text.SDIO_SendCommand
                0x00000000       0x58 ..\obj\stm32f4xx_sdio.o
 .text.SDIO_CmdStructInit
                0x00000000       0x30 ..\obj\stm32f4xx_sdio.o
 .text.SDIO_GetCommandResponse
                0x00000000       0x18 ..\obj\stm32f4xx_sdio.o
 .text.SDIO_GetResponse
                0x00000000       0x28 ..\obj\stm32f4xx_sdio.o
 .text.SDIO_DataConfig
                0x00000000       0x5c ..\obj\stm32f4xx_sdio.o
 .text.SDIO_DataStructInit
                0x00000000       0x38 ..\obj\stm32f4xx_sdio.o
 .text.SDIO_GetDataCounter
                0x00000000       0x18 ..\obj\stm32f4xx_sdio.o
 .text.SDIO_ReadData
                0x00000000       0x18 ..\obj\stm32f4xx_sdio.o
 .text.SDIO_WriteData
                0x00000000       0x20 ..\obj\stm32f4xx_sdio.o
 .text.SDIO_GetFIFOCount
                0x00000000       0x18 ..\obj\stm32f4xx_sdio.o
 .text.SDIO_StartSDIOReadWait
                0x00000000       0x20 ..\obj\stm32f4xx_sdio.o
 .text.SDIO_StopSDIOReadWait
                0x00000000       0x20 ..\obj\stm32f4xx_sdio.o
 .text.SDIO_SetSDIOReadWaitMode
                0x00000000       0x1c ..\obj\stm32f4xx_sdio.o
 .text.SDIO_SetSDIOOperation
                0x00000000       0x20 ..\obj\stm32f4xx_sdio.o
 .text.SDIO_SendSDIOSuspendCmd
                0x00000000       0x20 ..\obj\stm32f4xx_sdio.o
 .text.SDIO_CommandCompletionCmd
                0x00000000       0x20 ..\obj\stm32f4xx_sdio.o
 .text.SDIO_CEATAITCmd
                0x00000000       0x2c ..\obj\stm32f4xx_sdio.o
 .text.SDIO_SendCEATACmd
                0x00000000       0x20 ..\obj\stm32f4xx_sdio.o
 .text.SDIO_DMACmd
                0x00000000       0x20 ..\obj\stm32f4xx_sdio.o
 .text.SDIO_ITConfig
                0x00000000       0x3c ..\obj\stm32f4xx_sdio.o
 .text.SDIO_GetFlagStatus
                0x00000000       0x34 ..\obj\stm32f4xx_sdio.o
 .text.SDIO_ClearFlag
                0x00000000       0x1c ..\obj\stm32f4xx_sdio.o
 .text.SDIO_GetITStatus
                0x00000000       0x34 ..\obj\stm32f4xx_sdio.o
 .text.SDIO_ClearITPendingBit
                0x00000000       0x1c ..\obj\stm32f4xx_sdio.o
 .debug_info    0x00000000      0x7d4 ..\obj\stm32f4xx_sdio.o
 .debug_abbrev  0x00000000      0x177 ..\obj\stm32f4xx_sdio.o
 .debug_aranges
                0x00000000      0x108 ..\obj\stm32f4xx_sdio.o
 .debug_ranges  0x00000000       0xf8 ..\obj\stm32f4xx_sdio.o
 .debug_line    0x00000000      0x3d8 ..\obj\stm32f4xx_sdio.o
 .debug_str     0x00000000      0x61d ..\obj\stm32f4xx_sdio.o
 .comment       0x00000000       0x71 ..\obj\stm32f4xx_sdio.o
 .ARM.attributes
                0x00000000       0x33 ..\obj\stm32f4xx_sdio.o
 .debug_frame   0x00000000      0x344 ..\obj\stm32f4xx_sdio.o
 .text          0x00000000        0x0 ..\obj\stm32f4xx_dac.o
 .data          0x00000000        0x0 ..\obj\stm32f4xx_dac.o
 .bss           0x00000000        0x0 ..\obj\stm32f4xx_dac.o
 .text.DAC_DeInit
                0x00000000       0x1c ..\obj\stm32f4xx_dac.o
 .text.DAC_Init
                0x00000000       0x64 ..\obj\stm32f4xx_dac.o
 .text.DAC_StructInit
                0x00000000       0x2c ..\obj\stm32f4xx_dac.o
 .text.DAC_Cmd  0x00000000       0x48 ..\obj\stm32f4xx_dac.o
 .text.DAC_SoftwareTriggerCmd
                0x00000000       0x4c ..\obj\stm32f4xx_dac.o
 .text.DAC_DualSoftwareTriggerCmd
                0x00000000       0x38 ..\obj\stm32f4xx_dac.o
 .text.DAC_WaveGenerationCmd
                0x00000000       0x4c ..\obj\stm32f4xx_dac.o
 .text.DAC_SetChannel1Data
                0x00000000       0x34 ..\obj\stm32f4xx_dac.o
 .text.DAC_SetChannel2Data
                0x00000000       0x34 ..\obj\stm32f4xx_dac.o
 .text.DAC_SetDualChannelData
                0x00000000       0x58 ..\obj\stm32f4xx_dac.o
 .text.DAC_GetDataOutputValue
                0x00000000       0x34 ..\obj\stm32f4xx_dac.o
 .text.DAC_DMACmd
                0x00000000       0x4c ..\obj\stm32f4xx_dac.o
 .text.DAC_ITConfig
                0x00000000       0x4c ..\obj\stm32f4xx_dac.o
 .text.DAC_GetFlagStatus
                0x00000000       0x3c ..\obj\stm32f4xx_dac.o
 .text.DAC_ClearFlag
                0x00000000       0x24 ..\obj\stm32f4xx_dac.o
 .text.DAC_GetITStatus
                0x00000000       0x58 ..\obj\stm32f4xx_dac.o
 .text.DAC_ClearITPendingBit
                0x00000000       0x24 ..\obj\stm32f4xx_dac.o
 .debug_info    0x00000000      0x60e ..\obj\stm32f4xx_dac.o
 .debug_abbrev  0x00000000      0x17c ..\obj\stm32f4xx_dac.o
 .debug_aranges
                0x00000000       0xa0 ..\obj\stm32f4xx_dac.o
 .debug_ranges  0x00000000       0x90 ..\obj\stm32f4xx_dac.o
 .debug_line    0x00000000      0x2ec ..\obj\stm32f4xx_dac.o
 .debug_str     0x00000000      0x425 ..\obj\stm32f4xx_dac.o
 .comment       0x00000000       0x71 ..\obj\stm32f4xx_dac.o
 .ARM.attributes
                0x00000000       0x33 ..\obj\stm32f4xx_dac.o
 .debug_frame   0x00000000      0x1ec ..\obj\stm32f4xx_dac.o
 .text          0x00000000        0x0 ..\obj\startup_stm32f4xx.o
 .data          0x00000000        0x0 ..\obj\startup_stm32f4xx.o
 .bss           0x00000000        0x0 ..\obj\startup_stm32f4xx.o
 .text          0x00000000        0x0 ..\obj\main.o
 .data          0x00000000        0x0 ..\obj\main.o
 .text          0x00000000        0x0 ..\obj\stm32f4xx_rcc.o
 .data          0x00000000       0x10 ..\obj\stm32f4xx_rcc.o
 .bss           0x00000000        0x0 ..\obj\stm32f4xx_rcc.o
 .text.RCC_DeInit
                0x00000000       0x50 ..\obj\stm32f4xx_rcc.o
 .text.RCC_HSEConfig
                0x00000000       0x24 ..\obj\stm32f4xx_rcc.o
 .text.RCC_WaitForHSEStartUp
                0x00000000       0x50 ..\obj\stm32f4xx_rcc.o
 .text.RCC_AdjustHSICalibrationValue
                0x00000000       0x3c ..\obj\stm32f4xx_rcc.o
 .text.RCC_HSICmd
                0x00000000       0x20 ..\obj\stm32f4xx_rcc.o
 .text.RCC_LSEConfig
                0x00000000       0x40 ..\obj\stm32f4xx_rcc.o
 .text.RCC_LSICmd
                0x00000000       0x20 ..\obj\stm32f4xx_rcc.o
 .text.RCC_PLLConfig
                0x00000000       0x3c ..\obj\stm32f4xx_rcc.o
 .text.RCC_PLLCmd
                0x00000000       0x20 ..\obj\stm32f4xx_rcc.o
 .text.RCC_PLLI2SConfig
                0x00000000       0x28 ..\obj\stm32f4xx_rcc.o
 .text.RCC_PLLI2SCmd
                0x00000000       0x20 ..\obj\stm32f4xx_rcc.o
 .text.RCC_ClockSecuritySystemCmd
                0x00000000       0x20 ..\obj\stm32f4xx_rcc.o
 .text.RCC_MCO1Config
                0x00000000       0x3c ..\obj\stm32f4xx_rcc.o
 .text.RCC_MCO2Config
                0x00000000       0x3c ..\obj\stm32f4xx_rcc.o
 .text.RCC_SYSCLKConfig
                0x00000000       0x38 ..\obj\stm32f4xx_rcc.o
 .text.RCC_GetSYSCLKSource
                0x00000000       0x20 ..\obj\stm32f4xx_rcc.o
 .text.RCC_HCLKConfig
                0x00000000       0x38 ..\obj\stm32f4xx_rcc.o
 .text.RCC_PCLK1Config
                0x00000000       0x38 ..\obj\stm32f4xx_rcc.o
 .text.RCC_PCLK2Config
                0x00000000       0x38 ..\obj\stm32f4xx_rcc.o
 .text.RCC_GetClocksFreq
                0x00000000      0x154 ..\obj\stm32f4xx_rcc.o
 .text.RCC_RTCCLKConfig
                0x00000000       0x5c ..\obj\stm32f4xx_rcc.o
 .text.RCC_RTCCLKCmd
                0x00000000       0x20 ..\obj\stm32f4xx_rcc.o
 .text.RCC_BackupResetCmd
                0x00000000       0x20 ..\obj\stm32f4xx_rcc.o
 .text.RCC_I2SCLKConfig
                0x00000000       0x1c ..\obj\stm32f4xx_rcc.o
 .text.RCC_AHB2PeriphClockCmd
                0x00000000       0x3c ..\obj\stm32f4xx_rcc.o
 .text.RCC_AHB3PeriphClockCmd
                0x00000000       0x3c ..\obj\stm32f4xx_rcc.o
 .text.RCC_APB2PeriphClockCmd
                0x00000000       0x3c ..\obj\stm32f4xx_rcc.o
 .text.RCC_AHB1PeriphResetCmd
                0x00000000       0x3c ..\obj\stm32f4xx_rcc.o
 .text.RCC_AHB2PeriphResetCmd
                0x00000000       0x3c ..\obj\stm32f4xx_rcc.o
 .text.RCC_AHB3PeriphResetCmd
                0x00000000       0x3c ..\obj\stm32f4xx_rcc.o
 .text.RCC_AHB1PeriphClockLPModeCmd
                0x00000000       0x3c ..\obj\stm32f4xx_rcc.o
 .text.RCC_AHB2PeriphClockLPModeCmd
                0x00000000       0x3c ..\obj\stm32f4xx_rcc.o
 .text.RCC_AHB3PeriphClockLPModeCmd
                0x00000000       0x3c ..\obj\stm32f4xx_rcc.o
 .text.RCC_APB1PeriphClockLPModeCmd
                0x00000000       0x3c ..\obj\stm32f4xx_rcc.o
 .text.RCC_APB2PeriphClockLPModeCmd
                0x00000000       0x3c ..\obj\stm32f4xx_rcc.o
 .text.RCC_ITConfig
                0x00000000       0x48 ..\obj\stm32f4xx_rcc.o
 .text.RCC_GetFlagStatus
                0x00000000       0x74 ..\obj\stm32f4xx_rcc.o
 .text.RCC_ClearFlag
                0x00000000       0x1c ..\obj\stm32f4xx_rcc.o
 .text.RCC_GetITStatus
                0x00000000       0x38 ..\obj\stm32f4xx_rcc.o
 .text.RCC_ClearITPendingBit
                0x00000000       0x20 ..\obj\stm32f4xx_rcc.o
 .text          0x00000000        0x0 ..\obj\stm32f4xx_adc.o
 .data          0x00000000        0x0 ..\obj\stm32f4xx_adc.o
 .bss           0x00000000        0x0 ..\obj\stm32f4xx_adc.o
 .text.ADC_DeInit
                0x00000000       0x1c ..\obj\stm32f4xx_adc.o
 .text.ADC_Init
                0x00000000       0xa8 ..\obj\stm32f4xx_adc.o
 .text.ADC_StructInit
                0x00000000       0x3c ..\obj\stm32f4xx_adc.o
 .text.ADC_CommonInit
                0x00000000       0x50 ..\obj\stm32f4xx_adc.o
 .text.ADC_CommonStructInit
                0x00000000       0x2c ..\obj\stm32f4xx_adc.o
 .text.ADC_Cmd  0x00000000       0x38 ..\obj\stm32f4xx_adc.o
 .text.ADC_AnalogWatchdogCmd
                0x00000000       0x38 ..\obj\stm32f4xx_adc.o
 .text.ADC_AnalogWatchdogThresholdsConfig
                0x00000000       0x28 ..\obj\stm32f4xx_adc.o
 .text.ADC_AnalogWatchdogSingleChannelConfig
                0x00000000       0x38 ..\obj\stm32f4xx_adc.o
 .text.ADC_TempSensorVrefintCmd
                0x00000000       0x38 ..\obj\stm32f4xx_adc.o
 .text.ADC_VBATCmd
                0x00000000       0x38 ..\obj\stm32f4xx_adc.o
 .text.ADC_RegularChannelConfig
                0x00000000      0x188 ..\obj\stm32f4xx_adc.o
 .text.ADC_SoftwareStartConv
                0x00000000       0x20 ..\obj\stm32f4xx_adc.o
 .text.ADC_GetSoftwareStartConvStatus
                0x00000000       0x30 ..\obj\stm32f4xx_adc.o
 .text.ADC_EOCOnEachRegularChannelCmd
                0x00000000       0x38 ..\obj\stm32f4xx_adc.o
 .text.ADC_ContinuousModeCmd
                0x00000000       0x38 ..\obj\stm32f4xx_adc.o
 .text.ADC_DiscModeChannelCountConfig
                0x00000000       0x44 ..\obj\stm32f4xx_adc.o
 .text.ADC_DiscModeCmd
                0x00000000       0x38 ..\obj\stm32f4xx_adc.o
 .text.ADC_GetConversionValue
                0x00000000       0x1c ..\obj\stm32f4xx_adc.o
 .text.ADC_GetMultiModeConversionValue
                0x00000000       0x18 ..\obj\stm32f4xx_adc.o
 .text.ADC_DMACmd
                0x00000000       0x38 ..\obj\stm32f4xx_adc.o
 .text.ADC_DMARequestAfterLastTransferCmd
                0x00000000       0x38 ..\obj\stm32f4xx_adc.o
 .text.ADC_MultiModeDMARequestAfterLastTransferCmd
                0x00000000       0x38 ..\obj\stm32f4xx_adc.o
 .text.ADC_InjectedChannelConfig
                0x00000000      0x114 ..\obj\stm32f4xx_adc.o
 .text.ADC_InjectedSequencerLengthConfig
                0x00000000       0x44 ..\obj\stm32f4xx_adc.o
 .text.ADC_SetInjectedOffset
                0x00000000       0x30 ..\obj\stm32f4xx_adc.o
 .text.ADC_ExternalTrigInjectedConvConfig
                0x00000000       0x34 ..\obj\stm32f4xx_adc.o
 .text.ADC_ExternalTrigInjectedConvEdgeConfig
                0x00000000       0x34 ..\obj\stm32f4xx_adc.o
 .text.ADC_SoftwareStartInjectedConv
                0x00000000       0x20 ..\obj\stm32f4xx_adc.o
 .text.ADC_GetSoftwareStartInjectedConvCmdStatus
                0x00000000       0x30 ..\obj\stm32f4xx_adc.o
 .text.ADC_AutoInjectedConvCmd
                0x00000000       0x38 ..\obj\stm32f4xx_adc.o
 .text.ADC_InjectedDiscModeCmd
                0x00000000       0x38 ..\obj\stm32f4xx_adc.o
 .text.ADC_GetInjectedConversionValue
                0x00000000       0x30 ..\obj\stm32f4xx_adc.o
 .text.ADC_ITConfig
                0x00000000       0x50 ..\obj\stm32f4xx_adc.o
 .text.ADC_GetFlagStatus
                0x00000000       0x34 ..\obj\stm32f4xx_adc.o
 .text.ADC_ClearFlag
                0x00000000       0x20 ..\obj\stm32f4xx_adc.o
 .text.ADC_GetITStatus
                0x00000000       0x5c ..\obj\stm32f4xx_adc.o
 .text.ADC_ClearITPendingBit
                0x00000000       0x2c ..\obj\stm32f4xx_adc.o
 .debug_info    0x00000000      0xc0c ..\obj\stm32f4xx_adc.o
 .debug_abbrev  0x00000000      0x196 ..\obj\stm32f4xx_adc.o
 .debug_aranges
                0x00000000      0x148 ..\obj\stm32f4xx_adc.o
 .debug_ranges  0x00000000      0x138 ..\obj\stm32f4xx_adc.o
 .debug_line    0x00000000      0x4e6 ..\obj\stm32f4xx_adc.o
 .debug_str     0x00000000      0x7d6 ..\obj\stm32f4xx_adc.o
 .comment       0x00000000       0x71 ..\obj\stm32f4xx_adc.o
 .ARM.attributes
                0x00000000       0x33 ..\obj\stm32f4xx_adc.o
 .debug_frame   0x00000000      0x434 ..\obj\stm32f4xx_adc.o
 .text          0x00000000        0x0 ..\obj\printf.o
 .bss           0x00000000        0x0 ..\obj\printf.o
 .text.snprintf
                0x00000000       0x30 ..\obj\printf.o
 .text.fprintf  0x00000000       0x2c ..\obj\printf.o
 .text.sprintf  0x00000000       0x2c ..\obj\printf.o
 .text.puts     0x00000000       0x24 ..\obj\printf.o
 .text          0x00000000        0x0 ..\obj\spi_sd.o
 .text.SPI_SD_Init
                0x00000000       0xac ..\obj\spi_sd.o
 .text.disk_timerproc
                0x00000000       0x48 ..\obj\spi_sd.o
 .text          0x00000000        0x0 ..\obj\stm32f4xx_gpio.o
 .data          0x00000000        0x0 ..\obj\stm32f4xx_gpio.o
 .bss           0x00000000        0x0 ..\obj\stm32f4xx_gpio.o
 .text.GPIO_DeInit
                0x00000000      0x120 ..\obj\stm32f4xx_gpio.o
 .text.GPIO_StructInit
                0x00000000       0x34 ..\obj\stm32f4xx_gpio.o
 .text.GPIO_PinLockConfig
                0x00000000       0x44 ..\obj\stm32f4xx_gpio.o
 .text.GPIO_ReadInputDataBit
                0x00000000       0x34 ..\obj\stm32f4xx_gpio.o
 .text.GPIO_ReadInputData
                0x00000000       0x1c ..\obj\stm32f4xx_gpio.o
 .text.GPIO_ReadOutputDataBit
                0x00000000       0x34 ..\obj\stm32f4xx_gpio.o
 .text.GPIO_ReadOutputData
                0x00000000       0x1c ..\obj\stm32f4xx_gpio.o
 .text.GPIO_WriteBit
                0x00000000       0x30 ..\obj\stm32f4xx_gpio.o
 .text.GPIO_Write
                0x00000000       0x1c ..\obj\stm32f4xx_gpio.o
 .text.GPIO_ToggleBits
                0x00000000       0x24 ..\obj\stm32f4xx_gpio.o
 .data          0x00000000        0x0 ..\obj\sh_cmd.o
 .bss           0x00000000        0x0 ..\obj\sh_cmd.o
 .text          0x00000000        0x0 ..\obj\system_stm32f4xx.o
 .data          0x00000000       0x14 ..\obj\system_stm32f4xx.o
 .bss           0x00000000        0x0 ..\obj\system_stm32f4xx.o
 .text.SystemCoreClockUpdate
                0x00000000       0xf8 ..\obj\system_stm32f4xx.o
 .text          0x00000000        0x0 ..\obj\syscalls.o
 .data          0x00000000        0x0 ..\obj\syscalls.o
 .text.link     0x00000000       0x1c ..\obj\syscalls.o
 .text._close   0x00000000       0x18 ..\obj\syscalls.o
 .text._fstat   0x00000000       0x20 ..\obj\syscalls.o
 .text._isatty  0x00000000       0x18 ..\obj\syscalls.o
 .text._lseek   0x00000000       0x1c ..\obj\syscalls.o
 .text._read    0x00000000       0x1c ..\obj\syscalls.o
 .text._write   0x00000000       0x1c ..\obj\syscalls.o
 .text.abort    0x00000000        0x8 ..\obj\syscalls.o
 .text          0x00000000        0x0 ..\obj\stm32f4xx_dma.o
 .data          0x00000000        0x0 ..\obj\stm32f4xx_dma.o
 .bss           0x00000000        0x0 ..\obj\stm32f4xx_dma.o
 .text.DMA_DeInit
                0x00000000      0x1a4 ..\obj\stm32f4xx_dma.o
 .text.DMA_Init
                0x00000000       0xac ..\obj\stm32f4xx_dma.o
 .text.DMA_StructInit
                0x00000000       0x6c ..\obj\stm32f4xx_dma.o
 .text.DMA_Cmd  0x00000000       0x38 ..\obj\stm32f4xx_dma.o
 .text.DMA_PeriphIncOffsetSizeConfig
                0x00000000       0x34 ..\obj\stm32f4xx_dma.o
 .text.DMA_FlowControllerConfig
                0x00000000       0x34 ..\obj\stm32f4xx_dma.o
 .text.DMA_SetCurrDataCounter
                0x00000000       0x1c ..\obj\stm32f4xx_dma.o
 .text.DMA_GetCurrDataCounter
                0x00000000       0x1c ..\obj\stm32f4xx_dma.o
 .text.DMA_DoubleBufferModeConfig
                0x00000000       0x3c ..\obj\stm32f4xx_dma.o
 .text.DMA_DoubleBufferModeCmd
                0x00000000       0x38 ..\obj\stm32f4xx_dma.o
 .text.DMA_MemoryTargetConfig
                0x00000000       0x2c ..\obj\stm32f4xx_dma.o
 .text.DMA_GetCurrentMemoryTarget
                0x00000000       0x30 ..\obj\stm32f4xx_dma.o
 .text.DMA_GetCmdStatus
                0x00000000       0x30 ..\obj\stm32f4xx_dma.o
 .text.DMA_GetFIFOStatus
                0x00000000       0x24 ..\obj\stm32f4xx_dma.o
 .text.DMA_GetFlagStatus
                0x00000000       0x78 ..\obj\stm32f4xx_dma.o
 .text.DMA_ClearFlag
                0x00000000       0x5c ..\obj\stm32f4xx_dma.o
 .text.DMA_ITConfig
                0x00000000       0x74 ..\obj\stm32f4xx_dma.o
 .text.DMA_GetITStatus
                0x00000000       0xb0 ..\obj\stm32f4xx_dma.o
 .text.DMA_ClearITPendingBit
                0x00000000       0x5c ..\obj\stm32f4xx_dma.o
 .debug_info    0x00000000      0x718 ..\obj\stm32f4xx_dma.o
 .debug_abbrev  0x00000000      0x155 ..\obj\stm32f4xx_dma.o
 .debug_aranges
                0x00000000       0xb0 ..\obj\stm32f4xx_dma.o
 .debug_ranges  0x00000000       0xa0 ..\obj\stm32f4xx_dma.o
 .debug_line    0x00000000      0x370 ..\obj\stm32f4xx_dma.o
 .debug_str     0x00000000      0x51e ..\obj\stm32f4xx_dma.o
 .comment       0x00000000       0x71 ..\obj\stm32f4xx_dma.o
 .ARM.attributes
                0x00000000       0x33 ..\obj\stm32f4xx_dma.o
 .debug_frame   0x00000000      0x224 ..\obj\stm32f4xx_dma.o
 .text          0x00000000        0x0 ..\obj\ccsbcs.o
 .data          0x00000000        0x0 ..\obj\ccsbcs.o
 .bss           0x00000000        0x0 ..\obj\ccsbcs.o
 .text          0x00000000        0x0 ..\obj\ff.o
 .data          0x00000000        0x0 ..\obj\ff.o
 .text.dir_remove
                0x00000000       0x94 ..\obj\ff.o
 .text.f_chdrive
                0x00000000       0x2c ..\obj\ff.o
 .text.f_chdir  0x00000000       0xc4 ..\obj\ff.o
 .text.f_lseek  0x00000000      0x2b4 ..\obj\ff.o
 .text.f_stat   0x00000000       0x78 ..\obj\ff.o
 .text.f_getfree
                0x00000000      0x19c ..\obj\ff.o
 .text.f_truncate
                0x00000000      0x11c ..\obj\ff.o
 .text.f_unlink
                0x00000000      0x1ac ..\obj\ff.o
 .text.f_chmod  0x00000000       0xd0 ..\obj\ff.o
 .text.f_utime  0x00000000       0xd8 ..\obj\ff.o
 .text.f_rename
                0x00000000      0x234 ..\obj\ff.o
 .text          0x00000000        0x0 ..\obj\stm32f4xx_spi.o
 .data          0x00000000        0x0 ..\obj\stm32f4xx_spi.o
 .bss           0x00000000        0x0 ..\obj\stm32f4xx_spi.o
 .text.I2S_Init
                0x00000000      0x1b0 ..\obj\stm32f4xx_spi.o
 .text.SPI_StructInit
                0x00000000       0x48 ..\obj\stm32f4xx_spi.o
 .text.I2S_StructInit
                0x00000000       0x38 ..\obj\stm32f4xx_spi.o
 .text.I2S_Cmd  0x00000000       0x40 ..\obj\stm32f4xx_spi.o
 .text.SPI_DataSizeConfig
                0x00000000       0x38 ..\obj\stm32f4xx_spi.o
 .text.SPI_BiDirectionalLineConfig
                0x00000000       0x40 ..\obj\stm32f4xx_spi.o
 .text.SPI_NSSInternalSoftwareConfig
                0x00000000       0x44 ..\obj\stm32f4xx_spi.o
 .text.SPI_SSOutputCmd
                0x00000000       0x40 ..\obj\stm32f4xx_spi.o
 .text.SPI_TIModeCmd
                0x00000000       0x40 ..\obj\stm32f4xx_spi.o
 .text.I2S_FullDuplexConfig
                0x00000000       0x9c ..\obj\stm32f4xx_spi.o
 .text.SPI_I2S_ReceiveData
                0x00000000       0x1c ..\obj\stm32f4xx_spi.o
 .text.SPI_CalculateCRC
                0x00000000       0x40 ..\obj\stm32f4xx_spi.o
 .text.SPI_TransmitCRC
                0x00000000       0x24 ..\obj\stm32f4xx_spi.o
 .text.SPI_GetCRC
                0x00000000       0x34 ..\obj\stm32f4xx_spi.o
 .text.SPI_GetCRCPolynomial
                0x00000000       0x1c ..\obj\stm32f4xx_spi.o
 .text.SPI_I2S_DMACmd
                0x00000000       0x48 ..\obj\stm32f4xx_spi.o
 .text.SPI_I2S_ITConfig
                0x00000000       0x60 ..\obj\stm32f4xx_spi.o
 .text.SPI_I2S_ClearFlag
                0x00000000       0x20 ..\obj\stm32f4xx_spi.o
 .text.SPI_I2S_GetITStatus
                0x00000000       0x78 ..\obj\stm32f4xx_spi.o
 .text.SPI_I2S_ClearITPendingBit
                0x00000000       0x34 ..\obj\stm32f4xx_spi.o
 .text          0x00000000        0x0 ..\obj\stm32f4xx_exti.o
 .data          0x00000000        0x0 ..\obj\stm32f4xx_exti.o
 .bss           0x00000000        0x0 ..\obj\stm32f4xx_exti.o
 .text.EXTI_DeInit
                0x00000000       0x34 ..\obj\stm32f4xx_exti.o
 .text.EXTI_Init
                0x00000000       0xdc ..\obj\stm32f4xx_exti.o
 .text.EXTI_StructInit
                0x00000000       0x2c ..\obj\stm32f4xx_exti.o
 .text.EXTI_GenerateSWInterrupt
                0x00000000       0x24 ..\obj\stm32f4xx_exti.o
 .text.EXTI_GetFlagStatus
                0x00000000       0x34 ..\obj\stm32f4xx_exti.o
 .text.EXTI_ClearFlag
                0x00000000       0x1c ..\obj\stm32f4xx_exti.o
 .text.EXTI_GetITStatus
                0x00000000       0x48 ..\obj\stm32f4xx_exti.o
 .text.EXTI_ClearITPendingBit
                0x00000000       0x1c ..\obj\stm32f4xx_exti.o
 .debug_info    0x00000000      0x331 ..\obj\stm32f4xx_exti.o
 .debug_abbrev  0x00000000      0x1a5 ..\obj\stm32f4xx_exti.o
 .debug_aranges
                0x00000000       0x58 ..\obj\stm32f4xx_exti.o
 .debug_ranges  0x00000000       0x48 ..\obj\stm32f4xx_exti.o
 .debug_line    0x00000000      0x239 ..\obj\stm32f4xx_exti.o
 .debug_str     0x00000000      0x340 ..\obj\stm32f4xx_exti.o
 .comment       0x00000000       0x71 ..\obj\stm32f4xx_exti.o
 .ARM.attributes
                0x00000000       0x33 ..\obj\stm32f4xx_exti.o
 .debug_frame   0x00000000       0xec ..\obj\stm32f4xx_exti.o
 .text          0x00000000        0x0 ..\obj\misc.o
 .data          0x00000000        0x0 ..\obj\misc.o
 .bss           0x00000000        0x0 ..\obj\misc.o
 .text.NVIC_PriorityGroupConfig
                0x00000000       0x24 ..\obj\misc.o
 .text.NVIC_Init
                0x00000000       0xbc ..\obj\misc.o
 .text.NVIC_SetVectorTable
                0x00000000       0x2c ..\obj\misc.o
 .text.NVIC_SystemLPConfig
                0x00000000       0x40 ..\obj\misc.o
 .text.SysTick_CLKSourceConfig
                0x00000000       0x38 ..\obj\misc.o
 .debug_info    0x00000000      0x51c ..\obj\misc.o
 .debug_abbrev  0x00000000      0x145 ..\obj\misc.o
 .debug_aranges
                0x00000000       0x40 ..\obj\misc.o
 .debug_ranges  0x00000000       0x30 ..\obj\misc.o
 .debug_line    0x00000000      0x1d9 ..\obj\misc.o
 .debug_str     0x00000000      0x3ab ..\obj\misc.o
 .comment       0x00000000       0x71 ..\obj\misc.o
 .ARM.attributes
                0x00000000       0x33 ..\obj\misc.o
 .debug_frame   0x00000000       0x9c ..\obj\misc.o
 .text          0x00000000        0x0 ..\obj\stm32f4xx_tim.o
 .data          0x00000000        0x0 ..\obj\stm32f4xx_tim.o
 .bss           0x00000000        0x0 ..\obj\stm32f4xx_tim.o
 .text.TIM_DeInit
                0x00000000      0x1bc ..\obj\stm32f4xx_tim.o
 .text.TIM_TimeBaseInit
                0x00000000       0xd4 ..\obj\stm32f4xx_tim.o
 .text.TIM_TimeBaseStructInit
                0x00000000       0x34 ..\obj\stm32f4xx_tim.o
 .text.TIM_PrescalerConfig
                0x00000000       0x28 ..\obj\stm32f4xx_tim.o
 .text.TIM_CounterModeConfig
                0x00000000       0x38 ..\obj\stm32f4xx_tim.o
 .text.TIM_SetCounter
                0x00000000       0x1c ..\obj\stm32f4xx_tim.o
 .text.TIM_SetAutoreload
                0x00000000       0x1c ..\obj\stm32f4xx_tim.o
 .text.TIM_GetCounter
                0x00000000       0x18 ..\obj\stm32f4xx_tim.o
 .text.TIM_GetPrescaler
                0x00000000       0x1c ..\obj\stm32f4xx_tim.o
 .text.TIM_UpdateDisableConfig
                0x00000000       0x40 ..\obj\stm32f4xx_tim.o
 .text.TIM_UpdateRequestConfig
                0x00000000       0x40 ..\obj\stm32f4xx_tim.o
 .text.TIM_ARRPreloadConfig
                0x00000000       0x40 ..\obj\stm32f4xx_tim.o
 .text.TIM_SelectOnePulseMode
                0x00000000       0x38 ..\obj\stm32f4xx_tim.o
 .text.TIM_SetClockDivision
                0x00000000       0x38 ..\obj\stm32f4xx_tim.o
 .text.TIM_Cmd  0x00000000       0x40 ..\obj\stm32f4xx_tim.o
 .text.TIM_OC1Init
                0x00000000       0xf4 ..\obj\stm32f4xx_tim.o
 .text.TIM_OC2Init
                0x00000000      0x110 ..\obj\stm32f4xx_tim.o
 .text.TIM_OC3Init
                0x00000000      0x10c ..\obj\stm32f4xx_tim.o
 .text.TIM_OC4Init
                0x00000000       0xcc ..\obj\stm32f4xx_tim.o
 .text.TIM_OCStructInit
                0x00000000       0x44 ..\obj\stm32f4xx_tim.o
 .text.TIM_SelectOCxM
                0x00000000       0xac ..\obj\stm32f4xx_tim.o
 .text.TIM_SetCompare1
                0x00000000       0x1c ..\obj\stm32f4xx_tim.o
 .text.TIM_SetCompare2
                0x00000000       0x1c ..\obj\stm32f4xx_tim.o
 .text.TIM_SetCompare3
                0x00000000       0x1c ..\obj\stm32f4xx_tim.o
 .text.TIM_SetCompare4
                0x00000000       0x1c ..\obj\stm32f4xx_tim.o
 .text.TIM_ForcedOC1Config
                0x00000000       0x38 ..\obj\stm32f4xx_tim.o
 .text.TIM_ForcedOC2Config
                0x00000000       0x3c ..\obj\stm32f4xx_tim.o
 .text.TIM_ForcedOC3Config
                0x00000000       0x38 ..\obj\stm32f4xx_tim.o
 .text.TIM_ForcedOC4Config
                0x00000000       0x3c ..\obj\stm32f4xx_tim.o
 .text.TIM_OC1PreloadConfig
                0x00000000       0x38 ..\obj\stm32f4xx_tim.o
 .text.TIM_OC2PreloadConfig
                0x00000000       0x3c ..\obj\stm32f4xx_tim.o
 .text.TIM_OC3PreloadConfig
                0x00000000       0x38 ..\obj\stm32f4xx_tim.o
 .text.TIM_OC4PreloadConfig
                0x00000000       0x3c ..\obj\stm32f4xx_tim.o
 .text.TIM_OC1FastConfig
                0x00000000       0x38 ..\obj\stm32f4xx_tim.o
 .text.TIM_OC2FastConfig
                0x00000000       0x3c ..\obj\stm32f4xx_tim.o
 .text.TIM_OC3FastConfig
                0x00000000       0x38 ..\obj\stm32f4xx_tim.o
 .text.TIM_OC4FastConfig
                0x00000000       0x3c ..\obj\stm32f4xx_tim.o
 .text.TIM_ClearOC1Ref
                0x00000000       0x38 ..\obj\stm32f4xx_tim.o
 .text.TIM_ClearOC2Ref
                0x00000000       0x3c ..\obj\stm32f4xx_tim.o
 .text.TIM_ClearOC3Ref
                0x00000000       0x38 ..\obj\stm32f4xx_tim.o
 .text.TIM_ClearOC4Ref
                0x00000000       0x3c ..\obj\stm32f4xx_tim.o
 .text.TIM_OC1PolarityConfig
                0x00000000       0x38 ..\obj\stm32f4xx_tim.o
 .text.TIM_OC1NPolarityConfig
                0x00000000       0x38 ..\obj\stm32f4xx_tim.o
 .text.TIM_OC2PolarityConfig
                0x00000000       0x3c ..\obj\stm32f4xx_tim.o
 .text.TIM_OC2NPolarityConfig
                0x00000000       0x3c ..\obj\stm32f4xx_tim.o
 .text.TIM_OC3PolarityConfig
                0x00000000       0x3c ..\obj\stm32f4xx_tim.o
 .text.TIM_OC3NPolarityConfig
                0x00000000       0x3c ..\obj\stm32f4xx_tim.o
 .text.TIM_OC4PolarityConfig
                0x00000000       0x3c ..\obj\stm32f4xx_tim.o
 .text.TIM_CCxCmd
                0x00000000       0x54 ..\obj\stm32f4xx_tim.o
 .text.TIM_CCxNCmd
                0x00000000       0x54 ..\obj\stm32f4xx_tim.o
 .text.TIM_ICInit
                0x00000000       0xa8 ..\obj\stm32f4xx_tim.o
 .text.TIM_ICStructInit
                0x00000000       0x30 ..\obj\stm32f4xx_tim.o
 .text.TIM_PWMIConfig
                0x00000000       0xb8 ..\obj\stm32f4xx_tim.o
 .text.TIM_GetCapture1
                0x00000000       0x18 ..\obj\stm32f4xx_tim.o
 .text.TIM_GetCapture2
                0x00000000       0x18 ..\obj\stm32f4xx_tim.o
 .text.TIM_GetCapture3
                0x00000000       0x18 ..\obj\stm32f4xx_tim.o
 .text.TIM_GetCapture4
                0x00000000       0x18 ..\obj\stm32f4xx_tim.o
 .text.TIM_SetIC1Prescaler
                0x00000000       0x38 ..\obj\stm32f4xx_tim.o
 .text.TIM_SetIC2Prescaler
                0x00000000       0x3c ..\obj\stm32f4xx_tim.o
 .text.TIM_SetIC3Prescaler
                0x00000000       0x38 ..\obj\stm32f4xx_tim.o
 .text.TIM_SetIC4Prescaler
                0x00000000       0x3c ..\obj\stm32f4xx_tim.o
 .text.TIM_BDTRConfig
                0x00000000       0x50 ..\obj\stm32f4xx_tim.o
 .text.TIM_BDTRStructInit
                0x00000000       0x3c ..\obj\stm32f4xx_tim.o
 .text.TIM_CtrlPWMOutputs
                0x00000000       0x4c ..\obj\stm32f4xx_tim.o
 .text.TIM_SelectCOM
                0x00000000       0x40 ..\obj\stm32f4xx_tim.o
 .text.TIM_CCPreloadControl
                0x00000000       0x40 ..\obj\stm32f4xx_tim.o
 .text.TIM_ITConfig
                0x00000000       0x48 ..\obj\stm32f4xx_tim.o
 .text.TIM_GenerateEvent
                0x00000000       0x1c ..\obj\stm32f4xx_tim.o
 .text.TIM_GetFlagStatus
                0x00000000       0x38 ..\obj\stm32f4xx_tim.o
 .text.TIM_ClearFlag
                0x00000000       0x20 ..\obj\stm32f4xx_tim.o
 .text.TIM_GetITStatus
                0x00000000       0x54 ..\obj\stm32f4xx_tim.o
 .text.TIM_ClearITPendingBit
                0x00000000       0x20 ..\obj\stm32f4xx_tim.o
 .text.TIM_DMAConfig
                0x00000000       0x28 ..\obj\stm32f4xx_tim.o
 .text.TIM_DMACmd
                0x00000000       0x48 ..\obj\stm32f4xx_tim.o
 .text.TIM_SelectCCDMA
                0x00000000       0x40 ..\obj\stm32f4xx_tim.o
 .text.TIM_InternalClockConfig
                0x00000000       0x24 ..\obj\stm32f4xx_tim.o
 .text.TIM_ITRxExternalClockConfig
                0x00000000       0x2c ..\obj\stm32f4xx_tim.o
 .text.TIM_TIxExternalClockConfig
                0x00000000       0x54 ..\obj\stm32f4xx_tim.o
 .text.TIM_ETRClockMode1Config
                0x00000000       0x50 ..\obj\stm32f4xx_tim.o
 .text.TIM_ETRClockMode2Config
                0x00000000       0x30 ..\obj\stm32f4xx_tim.o
 .text.TIM_SelectInputTrigger
                0x00000000       0x38 ..\obj\stm32f4xx_tim.o
 .text.TIM_SelectOutputTrigger
                0x00000000       0x38 ..\obj\stm32f4xx_tim.o
 .text.TIM_SelectSlaveMode
                0x00000000       0x38 ..\obj\stm32f4xx_tim.o
 .text.TIM_SelectMasterSlaveMode
                0x00000000       0x38 ..\obj\stm32f4xx_tim.o
 .text.TIM_ETRConfig
                0x00000000       0x48 ..\obj\stm32f4xx_tim.o
 .text.TIM_EncoderInterfaceConfig
                0x00000000       0x8c ..\obj\stm32f4xx_tim.o
 .text.TIM_SelectHallSensor
                0x00000000       0x40 ..\obj\stm32f4xx_tim.o
 .text.TIM_RemapConfig
                0x00000000       0x20 ..\obj\stm32f4xx_tim.o
 .text.TI1_Config
                0x00000000       0x78 ..\obj\stm32f4xx_tim.o
 .text.TI2_Config
                0x00000000       0x8c ..\obj\stm32f4xx_tim.o
 .text.TI3_Config
                0x00000000       0x84 ..\obj\stm32f4xx_tim.o
 .text.TI4_Config
                0x00000000       0x90 ..\obj\stm32f4xx_tim.o
 .debug_info    0x00000000     0x1c35 ..\obj\stm32f4xx_tim.o
 .debug_abbrev  0x00000000      0x187 ..\obj\stm32f4xx_tim.o
 .debug_aranges
                0x00000000      0x2f8 ..\obj\stm32f4xx_tim.o
 .debug_ranges  0x00000000      0x2e8 ..\obj\stm32f4xx_tim.o
 .debug_line    0x00000000      0x9f9 ..\obj\stm32f4xx_tim.o
 .debug_str     0x00000000      0xda2 ..\obj\stm32f4xx_tim.o
 .comment       0x00000000       0x71 ..\obj\stm32f4xx_tim.o
 .ARM.attributes
                0x00000000       0x33 ..\obj\stm32f4xx_tim.o
 .debug_frame   0x00000000      0xa3c ..\obj\stm32f4xx_tim.o
 .text          0x00000000        0x0 c:/program files (x86)/gnu tools arm embedded/4.8 2013q4/bin/../lib/gcc/arm-none-eabi/4.8.3/../../../../arm-none-eabi/lib/armv7e-m\libc.a(lib_a-malloc.o)
 .data          0x00000000        0x0 c:/program files (x86)/gnu tools arm embedded/4.8 2013q4/bin/../lib/gcc/arm-none-eabi/4.8.3/../../../../arm-none-eabi/lib/armv7e-m\libc.a(lib_a-malloc.o)
 .bss           0x00000000        0x0 c:/program files (x86)/gnu tools arm embedded/4.8 2013q4/bin/../lib/gcc/arm-none-eabi/4.8.3/../../../../arm-none-eabi/lib/armv7e-m\libc.a(lib_a-malloc.o)
 .text          0x00000000        0x0 c:/program files (x86)/gnu tools arm embedded/4.8 2013q4/bin/../lib/gcc/arm-none-eabi/4.8.3/../../../../arm-none-eabi/lib/armv7e-m\libc.a(lib_a-mallocr.o)
 .data          0x00000000        0x0 c:/program files (x86)/gnu tools arm embedded/4.8 2013q4/bin/../lib/gcc/arm-none-eabi/4.8.3/../../../../arm-none-eabi/lib/armv7e-m\libc.a(lib_a-mallocr.o)
 .bss           0x00000000        0x0 c:/program files (x86)/gnu tools arm embedded/4.8 2013q4/bin/../lib/gcc/arm-none-eabi/4.8.3/../../../../arm-none-eabi/lib/armv7e-m\libc.a(lib_a-mallocr.o)
 .text          0x00000000        0x0 c:/program files (x86)/gnu tools arm embedded/4.8 2013q4/bin/../lib/gcc/arm-none-eabi/4.8.3/../../../../arm-none-eabi/lib/armv7e-m\libc.a(lib_a-mlock.o)
 .data          0x00000000        0x0 c:/program files (x86)/gnu tools arm embedded/4.8 2013q4/bin/../lib/gcc/arm-none-eabi/4.8.3/../../../../arm-none-eabi/lib/armv7e-m\libc.a(lib_a-mlock.o)
 .bss           0x00000000        0x0 c:/program files (x86)/gnu tools arm embedded/4.8 2013q4/bin/../lib/gcc/arm-none-eabi/4.8.3/../../../../arm-none-eabi/lib/armv7e-m\libc.a(lib_a-mlock.o)
 .text          0x00000000        0x0 c:/program files (x86)/gnu tools arm embedded/4.8 2013q4/bin/../lib/gcc/arm-none-eabi/4.8.3/../../../../arm-none-eabi/lib/armv7e-m\libc.a(lib_a-sbrkr.o)
 .data          0x00000000        0x0 c:/program files (x86)/gnu tools arm embedded/4.8 2013q4/bin/../lib/gcc/arm-none-eabi/4.8.3/../../../../arm-none-eabi/lib/armv7e-m\libc.a(lib_a-sbrkr.o)
 .bss           0x00000000        0x0 c:/program files (x86)/gnu tools arm embedded/4.8 2013q4/bin/../lib/gcc/arm-none-eabi/4.8.3/../../../../arm-none-eabi/lib/armv7e-m\libc.a(lib_a-sbrkr.o)
 .text          0x00000000        0x0 c:/program files (x86)/gnu tools arm embedded/4.8 2013q4/bin/../lib/gcc/arm-none-eabi/4.8.3/../../../../arm-none-eabi/lib/armv7e-m\libc.a(lib_a-strcat.o)
 .data          0x00000000        0x0 c:/program files (x86)/gnu tools arm embedded/4.8 2013q4/bin/../lib/gcc/arm-none-eabi/4.8.3/../../../../arm-none-eabi/lib/armv7e-m\libc.a(lib_a-strcat.o)
 .bss           0x00000000        0x0 c:/program files (x86)/gnu tools arm embedded/4.8 2013q4/bin/../lib/gcc/arm-none-eabi/4.8.3/../../../../arm-none-eabi/lib/armv7e-m\libc.a(lib_a-strcat.o)
 .data          0x00000000        0x0 c:/program files (x86)/gnu tools arm embedded/4.8 2013q4/bin/../lib/gcc/arm-none-eabi/4.8.3/../../../../arm-none-eabi/lib/armv7e-m\libc.a(lib_a-strcmp.o)
 .bss           0x00000000        0x0 c:/program files (x86)/gnu tools arm embedded/4.8 2013q4/bin/../lib/gcc/arm-none-eabi/4.8.3/../../../../arm-none-eabi/lib/armv7e-m\libc.a(lib_a-strcmp.o)
 .text          0x00000000        0x0 c:/program files (x86)/gnu tools arm embedded/4.8 2013q4/bin/../lib/gcc/arm-none-eabi/4.8.3/../../../../arm-none-eabi/lib/armv7e-m\libc.a(lib_a-strcpy.o)
 .data          0x00000000        0x0 c:/program files (x86)/gnu tools arm embedded/4.8 2013q4/bin/../lib/gcc/arm-none-eabi/4.8.3/../../../../arm-none-eabi/lib/armv7e-m\libc.a(lib_a-strcpy.o)
 .bss           0x00000000        0x0 c:/program files (x86)/gnu tools arm embedded/4.8 2013q4/bin/../lib/gcc/arm-none-eabi/4.8.3/../../../../arm-none-eabi/lib/armv7e-m\libc.a(lib_a-strcpy.o)
 .text          0x00000000        0x0 c:/program files (x86)/gnu tools arm embedded/4.8 2013q4/bin/../lib/gcc/arm-none-eabi/4.8.3/../../../../arm-none-eabi/lib/armv7e-m\libc.a(lib_a-strlen.o)
 .data          0x00000000        0x0 c:/program files (x86)/gnu tools arm embedded/4.8 2013q4/bin/../lib/gcc/arm-none-eabi/4.8.3/../../../../arm-none-eabi/lib/armv7e-m\libc.a(lib_a-strlen.o)
 .bss           0x00000000        0x0 c:/program files (x86)/gnu tools arm embedded/4.8 2013q4/bin/../lib/gcc/arm-none-eabi/4.8.3/../../../../arm-none-eabi/lib/armv7e-m\libc.a(lib_a-strlen.o)
 .text          0x00000000        0x0 c:/program files (x86)/gnu tools arm embedded/4.8 2013q4/bin/../lib/gcc/arm-none-eabi/4.8.3/../../../../arm-none-eabi/lib/armv7e-m\libc.a(lib_a-freer.o)
 .data          0x00000000        0x0 c:/program files (x86)/gnu tools arm embedded/4.8 2013q4/bin/../lib/gcc/arm-none-eabi/4.8.3/../../../../arm-none-eabi/lib/armv7e-m\libc.a(lib_a-freer.o)
 .bss           0x00000000        0x0 c:/program files (x86)/gnu tools arm embedded/4.8 2013q4/bin/../lib/gcc/arm-none-eabi/4.8.3/../../../../arm-none-eabi/lib/armv7e-m\libc.a(lib_a-freer.o)
 .text          0x00000000        0x0 c:/program files (x86)/gnu tools arm embedded/4.8 2013q4/bin/../lib/gcc/arm-none-eabi/4.8.3/../../../../arm-none-eabi/lib/armv7e-m\libc.a(lib_a-reent.o)
 .data          0x00000000        0x0 c:/program files (x86)/gnu tools arm embedded/4.8 2013q4/bin/../lib/gcc/arm-none-eabi/4.8.3/../../../../arm-none-eabi/lib/armv7e-m\libc.a(lib_a-reent.o)
 .bss           0x00000000        0x0 c:/program files (x86)/gnu tools arm embedded/4.8 2013q4/bin/../lib/gcc/arm-none-eabi/4.8.3/../../../../arm-none-eabi/lib/armv7e-m\libc.a(lib_a-reent.o)
 .text.cleanup_glue
                0x00000000       0x1c c:/program files (x86)/gnu tools arm embedded/4.8 2013q4/bin/../lib/gcc/arm-none-eabi/4.8.3/../../../../arm-none-eabi/lib/armv7e-m\libc.a(lib_a-reent.o)
 .text._reclaim_reent
                0x00000000       0x90 c:/program files (x86)/gnu tools arm embedded/4.8 2013q4/bin/../lib/gcc/arm-none-eabi/4.8.3/../../../../arm-none-eabi/lib/armv7e-m\libc.a(lib_a-reent.o)

Memory Configuration

Name             Origin             Length             Attributes
rom              0x08000000         0x00100000         xr
ram              0x20000000         0x00020000         xrw
ram1             0x10000000         0x00010000         xrw
*default*        0x00000000         0xffffffff

Linker script and memory map

                0x20020000                _eram = 0x20020000

.text           0x08000000     0x6184
 *(.isr_vector .isr_vector.*)
 .isr_vector    0x08000000      0x188 ..\obj\startup_stm32f4xx.o
                0x08000000                g_pfnVectors
 *(.text .text.* .gnu.linkonce.t.*)
 .text.SH_SendChar
                0x08000188       0x64 ..\obj\semihosting.o
                0x08000188                SH_SendChar
 .text.Default_Reset_Handler
                0x080001ec       0x5c ..\obj\startup_stm32f4xx.o
                0x080001ec                Default_Reset_Handler
                0x080001ec                Reset_Handler
 .text.Default_Handler
                0x08000248        0x8 ..\obj\startup_stm32f4xx.o
                0x08000248                RTC_Alarm_IRQHandler
                0x08000248                HASH_RNG_IRQHandler
                0x08000248                EXTI2_IRQHandler
                0x08000248                TIM8_CC_IRQHandler
                0x08000248                DebugMon_Handler
                0x08000248                TIM1_CC_IRQHandler
                0x08000248                DMA2_Stream5_IRQHandler
                0x08000248                DMA1_Stream5_IRQHandler
                0x08000248                SysTick_Handler
                0x08000248                PVD_IRQHandler
                0x08000248                SDIO_IRQHandler
                0x08000248                TAMP_STAMP_IRQHandler
                0x08000248                PendSV_Handler
                0x08000248                NMI_Handler
                0x08000248                CAN2_RX1_IRQHandler
                0x08000248                EXTI3_IRQHandler
                0x08000248                TIM8_TRG_COM_TIM14_IRQHandler
                0x08000248                TIM1_UP_TIM10_IRQHandler
                0x08000248                TIM8_UP_TIM13_IRQHandler
                0x08000248                I2C3_ER_IRQHandler
                0x08000248                EXTI0_IRQHandler
                0x08000248                I2C2_EV_IRQHandler
                0x08000248                DMA1_Stream2_IRQHandler
                0x08000248                CAN1_RX0_IRQHandler
                0x08000248                FPU_IRQHandler
                0x08000248                OTG_HS_WKUP_IRQHandler
                0x08000248                UsageFault_Handler
                0x08000248                CAN2_SCE_IRQHandler
                0x08000248                DMA2_Stream2_IRQHandler
                0x08000248                SPI1_IRQHandler
                0x08000248                TIM6_DAC_IRQHandler
                0x08000248                TIM1_BRK_TIM9_IRQHandler
                0x08000248                DCMI_IRQHandler
                0x08000248                CAN2_RX0_IRQHandler
                0x08000248                DMA2_Stream3_IRQHandler
                0x08000248                USART6_IRQHandler
                0x08000248                USART3_IRQHandler
                0x08000248                CRYP_IRQHandler
                0x08000248                CAN1_RX1_IRQHandler
                0x08000248                UART5_IRQHandler
                0x08000248                DMA2_Stream0_IRQHandler
                0x08000248                TIM4_IRQHandler
                0x08000248                I2C1_EV_IRQHandler
                0x08000248                DMA1_Stream6_IRQHandler
                0x08000248                DMA1_Stream1_IRQHandler
                0x08000248                UART4_IRQHandler
                0x08000248                TIM3_IRQHandler
                0x08000248                RCC_IRQHandler
                0x08000248                TIM8_BRK_TIM12_IRQHandler
                0x08000248                EXTI15_10_IRQHandler
                0x08000248                ADC_IRQHandler
                0x08000248                DMA1_Stream7_IRQHandler
                0x08000248                TIM7_IRQHandler
                0x08000248                CAN2_TX_IRQHandler
                0x08000248                TIM5_IRQHandler
                0x08000248                DMA2_Stream7_IRQHandler
                0x08000248                I2C3_EV_IRQHandler
                0x08000248                EXTI9_5_IRQHandler
                0x08000248                RTC_WKUP_IRQHandler
                0x08000248                ETH_WKUP_IRQHandler
                0x08000248                SPI2_IRQHandler
                0x08000248                OTG_HS_EP1_IN_IRQHandler
                0x08000248                MemManage_Handler
                0x08000248                DMA1_Stream0_IRQHandler
                0x08000248                CAN1_TX_IRQHandler
                0x08000248                SVC_Handler
                0x08000248                EXTI4_IRQHandler
                0x08000248                FSMC_IRQHandler
                0x08000248                ETH_IRQHandler
                0x08000248                OTG_HS_EP1_OUT_IRQHandler
                0x08000248                WWDG_IRQHandler
                0x08000248                TIM2_IRQHandler
                0x08000248                OTG_FS_WKUP_IRQHandler
                0x08000248                TIM1_TRG_COM_TIM11_IRQHandler
                0x08000248                OTG_HS_IRQHandler
                0x08000248                EXTI1_IRQHandler
                0x08000248                USART2_IRQHandler
                0x08000248                I2C2_ER_IRQHandler
                0x08000248                DMA2_Stream1_IRQHandler
                0x08000248                CAN1_SCE_IRQHandler
                0x08000248                FLASH_IRQHandler
                0x08000248                DMA2_Stream4_IRQHandler
                0x08000248                BusFault_Handler
                0x08000248                USART1_IRQHandler
                0x08000248                OTG_FS_IRQHandler
                0x08000248                SPI3_IRQHandler
                0x08000248                DMA1_Stream4_IRQHandler
                0x08000248                I2C1_ER_IRQHandler
                0x08000248                DMA2_Stream6_IRQHandler
                0x08000248                DMA1_Stream3_IRQHandler
 .text.scan_files
                0x08000250      0x3ec ..\obj\main.o
                0x08000250                scan_files
 .text.rcvr_spi
                0x0800063c       0x4c ..\obj\main.o
 .text.wait_ready
                0x08000688       0x38 ..\obj\main.o
 .text.xmit_spi
                0x080006c0       0x48 ..\obj\main.o
 .text.send_cmd
                0x08000708       0xa4 ..\obj\main.o
 .text.main     0x080007ac      0x1ac ..\obj\main.o
                0x080007ac                main
 .text.RCC_AHB1PeriphClockCmd
                0x08000958       0x3c ..\obj\stm32f4xx_rcc.o
                0x08000958                RCC_AHB1PeriphClockCmd
 .text.RCC_APB1PeriphClockCmd
                0x08000994       0x3c ..\obj\stm32f4xx_rcc.o
                0x08000994                RCC_APB1PeriphClockCmd
 .text.RCC_APB1PeriphResetCmd
                0x080009d0       0x3c ..\obj\stm32f4xx_rcc.o
                0x080009d0                RCC_APB1PeriphResetCmd
 .text.RCC_APB2PeriphResetCmd
                0x08000a0c       0x3c ..\obj\stm32f4xx_rcc.o
                0x08000a0c                RCC_APB2PeriphResetCmd
 .text.PrintChar
                0x08000a48       0x18 ..\obj\printf.o
                0x08000a48                PrintChar
 .text.PutChar  0x08000a60       0x20 ..\obj\printf.o
                0x08000a60                PutChar
 .text.PutString
                0x08000a80       0x3c ..\obj\printf.o
                0x08000a80                PutString
 .text.PutUnsignedInt
                0x08000abc       0xa0 ..\obj\printf.o
                0x08000abc                PutUnsignedInt
 .text.PutSignedInt
                0x08000b5c       0xfc ..\obj\printf.o
                0x08000b5c                PutSignedInt
 .text.PutHexa  0x08000c58       0xd4 ..\obj\printf.o
                0x08000c58                PutHexa
 .text.vsnprintf
                0x08000d2c      0x254 ..\obj\printf.o
                0x08000d2c                vsnprintf
 .text.vsprintf
                0x08000f80       0x24 ..\obj\printf.o
                0x08000f80                vsprintf
 .text.vfprintf
                0x08000fa4       0x68 ..\obj\printf.o
                0x08000fa4                vfprintf
 .text.vprintf  0x0800100c       0x28 ..\obj\printf.o
                0x0800100c                vprintf
 .text.printf   0x08001034       0x28 ..\obj\printf.o
                0x08001034                printf
 .text.fputc    0x0800105c       0x40 ..\obj\printf.o
                0x0800105c                fputc
 .text.fputs    0x0800109c       0x48 ..\obj\printf.o
                0x0800109c                fputs
 .text.SELECT   0x080010e4       0x20 ..\obj\spi_sd.o
 .text.DESELECT
                0x08001104       0x20 ..\obj\spi_sd.o
 .text.xmit_spi
                0x08001124       0x30 ..\obj\spi_sd.o
 .text.rcvr_spi
                0x08001154       0x4c ..\obj\spi_sd.o
 .text.rcvr_spi_m
                0x080011a0       0x1c ..\obj\spi_sd.o
 .text.wait_ready
                0x080011bc       0x38 ..\obj\spi_sd.o
 .text.power_on
                0x080011f4       0x34 ..\obj\spi_sd.o
 .text.power_off
                0x08001228       0x18 ..\obj\spi_sd.o
 .text.chk_power
                0x08001240       0x18 ..\obj\spi_sd.o
 .text.rcvr_datablock
                0x08001258       0x6c ..\obj\spi_sd.o
 .text.xmit_datablock
                0x080012c4       0xa8 ..\obj\spi_sd.o
 .text.send_cmd
                0x0800136c       0xa4 ..\obj\spi_sd.o
 .text.disk_initialize
                0x08001410      0x1d0 ..\obj\spi_sd.o
                0x08001410                disk_initialize
 .text.disk_status
                0x080015e0       0x2c ..\obj\spi_sd.o
                0x080015e0                disk_status
 .text.disk_read
                0x0800160c       0xd4 ..\obj\spi_sd.o
                0x0800160c                disk_read
 .text.disk_write
                0x080016e0      0x108 ..\obj\spi_sd.o
                0x080016e0                disk_write
 .text.disk_ioctl
                0x080017e8      0x250 ..\obj\spi_sd.o
                0x080017e8                disk_ioctl
 .text.get_fattime
                0x08001a38       0x14 ..\obj\spi_sd.o
                0x08001a38                get_fattime
 .text.GPIO_Init
                0x08001a4c      0x11c ..\obj\stm32f4xx_gpio.o
                0x08001a4c                GPIO_Init
 .text.GPIO_SetBits
                0x08001b68       0x1c ..\obj\stm32f4xx_gpio.o
                0x08001b68                GPIO_SetBits
 .text.GPIO_ResetBits
                0x08001b84       0x1c ..\obj\stm32f4xx_gpio.o
                0x08001b84                GPIO_ResetBits
 .text.GPIO_PinAFConfig
                0x08001ba0       0x8c ..\obj\stm32f4xx_gpio.o
                0x08001ba0                GPIO_PinAFConfig
 .text          0x08001c2c       0x30 ..\obj\sh_cmd.o
                0x08001c2c                SH_DoCommand
                0x08001c42                HardFault_Handler
 .text.SystemInit
                0x08001c5c       0x58 ..\obj\system_stm32f4xx.o
                0x08001c5c                SystemInit
 .text.SetSysClock
                0x08001cb4       0xf4 ..\obj\system_stm32f4xx.o
 .text._sbrk    0x08001da8       0x40 ..\obj\syscalls.o
                0x08001da8                _sbrk
 .text.ff_convert
                0x08001de8       0x78 ..\obj\ccsbcs.o
                0x08001de8                ff_convert
 .text.ff_wtoupper
                0x08001e60       0x5c ..\obj\ccsbcs.o
                0x08001e60                ff_wtoupper
 .text.validate
                0x08001ebc       0x4c ..\obj\ff.o
 .text.validate2
                0x08001f08       0x5c ..\obj\ff.o
 .text.f_closedir
                0x08001f64       0x28 ..\obj\ff.o
                0x08001f64                f_closedir
 .text.mem_cpy  0x08001f8c       0x3c ..\obj\ff.o
 .text.mem_set  0x08001fc8       0x34 ..\obj\ff.o
 .text.mem_cmp  0x08001ffc       0x50 ..\obj\ff.o
 .text.chk_chr  0x0800204c       0x38 ..\obj\ff.o
 .text.move_window
                0x08002084       0xbc ..\obj\ff.o
 .text.sync     0x08002140      0x14c ..\obj\ff.o
 .text.clust2sect
                0x0800228c       0x3c ..\obj\ff.o
                0x0800228c                clust2sect
 .text.get_fat  0x080022c8      0x158 ..\obj\ff.o
                0x080022c8                get_fat
 .text.put_fat  0x08002420      0x1fc ..\obj\ff.o
                0x08002420                put_fat
 .text.remove_chain
                0x0800261c       0x9c ..\obj\ff.o
 .text.create_chain
                0x080026b8      0x118 ..\obj\ff.o
 .text.dir_sdi  0x080027d0      0x104 ..\obj\ff.o
 .text.dir_next
                0x080028d4      0x1a8 ..\obj\ff.o
 .text.cmp_lfn  0x08002a7c       0xd4 ..\obj\ff.o
 .text.pick_lfn
                0x08002b50       0xc4 ..\obj\ff.o
 .text.fit_lfn  0x08002c14       0xe0 ..\obj\ff.o
 .text.gen_numname
                0x08002cf4       0xe4 ..\obj\ff.o
                0x08002cf4                gen_numname
 .text.sum_sfn  0x08002dd8       0x44 ..\obj\ff.o
 .text.dir_find
                0x08002e1c      0x150 ..\obj\ff.o
 .text.dir_read
                0x08002f6c      0x124 ..\obj\ff.o
 .text.dir_register
                0x08003090      0x278 ..\obj\ff.o
 .text.create_name
                0x08003308      0x3e0 ..\obj\ff.o
 .text.get_fileinfo
                0x080036e8      0x1d4 ..\obj\ff.o
 .text.follow_path
                0x080038bc      0x124 ..\obj\ff.o
 .text.check_fs
                0x080039e0       0xc0 ..\obj\ff.o
 .text.chk_mounted
                0x08003aa0      0x528 ..\obj\ff.o
 .text.f_mount  0x08003fc8       0x54 ..\obj\ff.o
                0x08003fc8                f_mount
 .text.f_open   0x0800401c      0x2dc ..\obj\ff.o
                0x0800401c                f_open
 .text.f_read   0x080042f8      0x2c0 ..\obj\ff.o
                0x080042f8                f_read
 .text.f_write  0x080045b8      0x318 ..\obj\ff.o
                0x080045b8                f_write
 .text.f_sync   0x080048d0      0x184 ..\obj\ff.o
                0x080048d0                f_sync
 .text.f_close  0x08004a54       0x28 ..\obj\ff.o
                0x08004a54                f_close
 .text.f_opendir
                0x08004a7c       0xd4 ..\obj\ff.o
                0x08004a7c                f_opendir
 .text.f_readdir
                0x08004b50       0x98 ..\obj\ff.o
                0x08004b50                f_readdir
 .text.f_mkdir  0x08004be8      0x2fc ..\obj\ff.o
                0x08004be8                f_mkdir
 .text.SPI_I2S_DeInit
                0x08004ee4       0x74 ..\obj\stm32f4xx_spi.o
                0x08004ee4                SPI_I2S_DeInit
 .text.SPI_Init
                0x08004f58       0x88 ..\obj\stm32f4xx_spi.o
                0x08004f58                SPI_Init
 .text.SPI_Cmd  0x08004fe0       0x40 ..\obj\stm32f4xx_spi.o
                0x08004fe0                SPI_Cmd
 .text.SPI_I2S_SendData
                0x08005020       0x1c ..\obj\stm32f4xx_spi.o
                0x08005020                SPI_I2S_SendData
 .text.SPI_I2S_GetFlagStatus
                0x0800503c       0x38 ..\obj\stm32f4xx_spi.o
                0x0800503c                SPI_I2S_GetFlagStatus
 .text.malloc   0x08005074       0x10 c:/program files (x86)/gnu tools arm embedded/4.8 2013q4/bin/../lib/gcc/arm-none-eabi/4.8.3/../../../../arm-none-eabi/lib/armv7e-m\libc.a(lib_a-malloc.o)
                0x08005074                malloc
 .text.free     0x08005084       0x10 c:/program files (x86)/gnu tools arm embedded/4.8 2013q4/bin/../lib/gcc/arm-none-eabi/4.8.3/../../../../arm-none-eabi/lib/armv7e-m\libc.a(lib_a-malloc.o)
                0x08005084                free
 .text._malloc_r
                0x08005094      0x538 c:/program files (x86)/gnu tools arm embedded/4.8 2013q4/bin/../lib/gcc/arm-none-eabi/4.8.3/../../../../arm-none-eabi/lib/armv7e-m\libc.a(lib_a-mallocr.o)
                0x08005094                _malloc_r
 .text.__malloc_lock
                0x080055cc        0x4 c:/program files (x86)/gnu tools arm embedded/4.8 2013q4/bin/../lib/gcc/arm-none-eabi/4.8.3/../../../../arm-none-eabi/lib/armv7e-m\libc.a(lib_a-mlock.o)
                0x080055cc                __malloc_lock
 .text.__malloc_unlock
                0x080055d0        0x4 c:/program files (x86)/gnu tools arm embedded/4.8 2013q4/bin/../lib/gcc/arm-none-eabi/4.8.3/../../../../arm-none-eabi/lib/armv7e-m\libc.a(lib_a-mlock.o)
                0x080055d0                __malloc_unlock
 .text._sbrk_r  0x080055d4       0x24 c:/program files (x86)/gnu tools arm embedded/4.8 2013q4/bin/../lib/gcc/arm-none-eabi/4.8.3/../../../../arm-none-eabi/lib/armv7e-m\libc.a(lib_a-sbrkr.o)
                0x080055d4                _sbrk_r
 .text.strcat   0x080055f8       0x4c c:/program files (x86)/gnu tools arm embedded/4.8 2013q4/bin/../lib/gcc/arm-none-eabi/4.8.3/../../../../arm-none-eabi/lib/armv7e-m\libc.a(lib_a-strcat.o)
                0x080055f8                strcat
 .text          0x08005644      0x21c c:/program files (x86)/gnu tools arm embedded/4.8 2013q4/bin/../lib/gcc/arm-none-eabi/4.8.3/../../../../arm-none-eabi/lib/armv7e-m\libc.a(lib_a-strcmp.o)
                0x08005644                strcmp
 .text.strcpy   0x08005860       0xbc c:/program files (x86)/gnu tools arm embedded/4.8 2013q4/bin/../lib/gcc/arm-none-eabi/4.8.3/../../../../arm-none-eabi/lib/armv7e-m\libc.a(lib_a-strcpy.o)
                0x08005860                strcpy
 .text.strlen   0x0800591c       0x60 c:/program files (x86)/gnu tools arm embedded/4.8 2013q4/bin/../lib/gcc/arm-none-eabi/4.8.3/../../../../arm-none-eabi/lib/armv7e-m\libc.a(lib_a-strlen.o)
                0x0800591c                strlen
 .text._malloc_trim_r
                0x0800597c       0x9c c:/program files (x86)/gnu tools arm embedded/4.8 2013q4/bin/../lib/gcc/arm-none-eabi/4.8.3/../../../../arm-none-eabi/lib/armv7e-m\libc.a(lib_a-freer.o)
                0x0800597c                _malloc_trim_r
 .text._free_r  0x08005a18      0x19c c:/program files (x86)/gnu tools arm embedded/4.8 2013q4/bin/../lib/gcc/arm-none-eabi/4.8.3/../../../../arm-none-eabi/lib/armv7e-m\libc.a(lib_a-freer.o)
                0x08005a18                _free_r
 *(.glue_7t)
 .glue_7t       0x00000000        0x0 linker stubs
 *(.glue_7)
 .glue_7        0x00000000        0x0 linker stubs
 *(.rodata .rodata* .gnu.linkonce.r.*)
 .rodata        0x08005bb4       0x48 ..\obj\main.o
 .rodata        0x08005bfc       0x24 ..\obj\printf.o
 .rodata        0x08005c20      0x4c0 ..\obj\ccsbcs.o
 .rodata        0x080060e0       0xa4 ..\obj\ff.o

.vfp11_veneer   0x08006184        0x0
 .vfp11_veneer  0x00000000        0x0 linker stubs

.v4_bx          0x08006184        0x0
 .v4_bx         0x00000000        0x0 linker stubs

.iplt           0x08006184        0x0
 .iplt          0x00000000        0x0 ..\obj\semihosting.o

.rel.dyn        0x08006184        0x0
 .rel.iplt      0x00000000        0x0 ..\obj\semihosting.o

.ARM.extab
 *(.ARM.extab* .gnu.linkonce.armextab.*)
                0x08006184                __exidx_start = .

.ARM.exidx
 *(.ARM.exidx* .gnu.linkonce.armexidx.*)
                0x08006184                __exidx_end = .
                0x08006184                . = ALIGN (0x4)
                0x08006184                _etext = .
                0x08006184                _sidata = .

.data           0x20000000      0x844 load address 0x08006184
                0x20000000                _sdata = .
 *(.data .data.*)
 .data          0x20000000      0x430 ..\obj\printf.o
                0x20000000                r
                0x20000428                _impure_ptr
 .data          0x20000430        0x1 ..\obj\spi_sd.o
 *fill*         0x20000431        0x3 
 .data.__malloc_av_
                0x20000434      0x408 c:/program files (x86)/gnu tools arm embedded/4.8 2013q4/bin/../lib/gcc/arm-none-eabi/4.8.3/../../../../arm-none-eabi/lib/armv7e-m\libc.a(lib_a-mallocr.o)
                0x20000434                __malloc_av_
 .data.__malloc_trim_threshold
                0x2000083c        0x4 c:/program files (x86)/gnu tools arm embedded/4.8 2013q4/bin/../lib/gcc/arm-none-eabi/4.8.3/../../../../arm-none-eabi/lib/armv7e-m\libc.a(lib_a-mallocr.o)
                0x2000083c                __malloc_trim_threshold
 .data.__malloc_sbrk_base
                0x20000840        0x4 c:/program files (x86)/gnu tools arm embedded/4.8 2013q4/bin/../lib/gcc/arm-none-eabi/4.8.3/../../../../arm-none-eabi/lib/armv7e-m\libc.a(lib_a-mallocr.o)
                0x20000840                __malloc_sbrk_base
                0x20000844                . = ALIGN (0x4)
                0x20000844                _edata = .

.igot.plt       0x20000844        0x0 load address 0x080069c8
 .igot.plt      0x00000000        0x0 ..\obj\semihosting.o

.bss            0x20000844     0x1368 load address 0x080069c8
                0x20000844                _sbss = .
 *(.bss .bss.*)
 .bss           0x20000844       0x14 ..\obj\semihosting.o
 .bss           0x20000858      0x104 ..\obj\main.o
 .bss           0x2000095c        0x4 ..\obj\spi_sd.o
 .bss           0x20000960        0x4 ..\obj\syscalls.o
 .bss           0x20000964      0x208 ..\obj\ff.o
 .bss.__malloc_max_total_mem
                0x20000b6c        0x4 c:/program files (x86)/gnu tools arm embedded/4.8 2013q4/bin/../lib/gcc/arm-none-eabi/4.8.3/../../../../arm-none-eabi/lib/armv7e-m\libc.a(lib_a-mallocr.o)
                0x20000b6c                __malloc_max_total_mem
 .bss.__malloc_max_sbrked_mem
                0x20000b70        0x4 c:/program files (x86)/gnu tools arm embedded/4.8 2013q4/bin/../lib/gcc/arm-none-eabi/4.8.3/../../../../arm-none-eabi/lib/armv7e-m\libc.a(lib_a-mallocr.o)
                0x20000b70                __malloc_max_sbrked_mem
 .bss.__malloc_top_pad
                0x20000b74        0x4 c:/program files (x86)/gnu tools arm embedded/4.8 2013q4/bin/../lib/gcc/arm-none-eabi/4.8.3/../../../../arm-none-eabi/lib/armv7e-m\libc.a(lib_a-mallocr.o)
                0x20000b74                __malloc_top_pad
 .bss.__malloc_current_mallinfo
                0x20000b78       0x28 c:/program files (x86)/gnu tools arm embedded/4.8 2013q4/bin/../lib/gcc/arm-none-eabi/4.8.3/../../../../arm-none-eabi/lib/armv7e-m\libc.a(lib_a-mallocr.o)
                0x20000b78                __malloc_current_mallinfo
 *(COMMON)
 COMMON         0x20000ba0     0x1008 ..\obj\main.o
                0x20000ba0                f
                0x20000ba4                buffer
                0x20001ba4                d
 COMMON         0x20001ba8        0x4 c:/program files (x86)/gnu tools arm embedded/4.8 2013q4/bin/../lib/gcc/arm-none-eabi/4.8.3/../../../../arm-none-eabi/lib/armv7e-m\libc.a(lib_a-reent.o)
                0x20001ba8                errno
                0x20001bac                . = ALIGN (0x4)
                0x20001bac                _ebss = .

.co_stack       0x20001bac      0x804 load address 0x08007d30
                0x20001bb0                . = ALIGN (0x8)
 *fill*         0x20001bac        0x4 
 *(.co_stack .co_stack.*)
 .co_stack      0x20001bb0      0x800 ..\obj\startup_stm32f4xx.o
                0x20001bb0                pulStack
                0x200023b0                . = ALIGN (0x4)
                0x200023b0                _end = .
LOAD ..\obj\semihosting.o
LOAD ..\obj\delay.o
LOAD ..\obj\stm32f4xx_sdio.o
LOAD ..\obj\stm32f4xx_dac.o
LOAD ..\obj\startup_stm32f4xx.o
LOAD ..\obj\main.o
LOAD ..\obj\stm32f4xx_rcc.o
LOAD ..\obj\stm32f4xx_adc.o
LOAD ..\obj\printf.o
LOAD ..\obj\spi_sd.o
LOAD ..\obj\stm32f4xx_gpio.o
LOAD ..\obj\sh_cmd.o
LOAD ..\obj\system_stm32f4xx.o
LOAD ..\obj\syscalls.o
LOAD ..\obj\stm32f4xx_dma.o
LOAD ..\obj\ccsbcs.o
LOAD ..\obj\ff.o
LOAD ..\obj\stm32f4xx_spi.o
LOAD ..\obj\stm32f4xx_exti.o
LOAD ..\obj\misc.o
LOAD ..\obj\stm32f4xx_tim.o
LOAD c:/program files (x86)/gnu tools arm embedded/4.8 2013q4/bin/../lib/gcc/arm-none-eabi/4.8.3/../../../../arm-none-eabi/lib/armv7e-m\libm.a
LOAD c:/program files (x86)/gnu tools arm embedded/4.8 2013q4/bin/../lib/gcc/arm-none-eabi/4.8.3/armv7e-m\libgcc.a
LOAD c:/program files (x86)/gnu tools arm embedded/4.8 2013q4/bin/../lib/gcc/arm-none-eabi/4.8.3/../../../../arm-none-eabi/lib/armv7e-m\libc.a
LOAD c:/program files (x86)/gnu tools arm embedded/4.8 2013q4/bin/../lib/gcc/arm-none-eabi/4.8.3/../../../../arm-none-eabi/lib/armv7e-m\librdimon.a
START GROUP
LOAD c:/program files (x86)/gnu tools arm embedded/4.8 2013q4/bin/../lib/gcc/arm-none-eabi/4.8.3/armv7e-m\libgcc.a
LOAD c:/program files (x86)/gnu tools arm embedded/4.8 2013q4/bin/../lib/gcc/arm-none-eabi/4.8.3/../../../../arm-none-eabi/lib/armv7e-m\libg.a
LOAD c:/program files (x86)/gnu tools arm embedded/4.8 2013q4/bin/../lib/gcc/arm-none-eabi/4.8.3/../../../../arm-none-eabi/lib/armv7e-m\libc.a
END GROUP
OUTPUT(PTM.elf elf32-littlearm)

.debug_info     0x00000000     0x67b3
 .debug_info    0x00000000      0x12b ..\obj\semihosting.o
 .debug_info    0x0000012b       0xed ..\obj\startup_stm32f4xx.o
 .debug_info    0x00000218      0xb15 ..\obj\main.o
 .debug_info    0x00000d2d      0xc21 ..\obj\stm32f4xx_rcc.o
 .debug_info    0x0000194e      0xe38 ..\obj\printf.o
 .debug_info    0x00002786      0x930 ..\obj\spi_sd.o
 .debug_info    0x000030b6      0x5d6 ..\obj\stm32f4xx_gpio.o
 .debug_info    0x0000368c       0x93 ..\obj\sh_cmd.o
 .debug_info    0x0000371f      0x566 ..\obj\system_stm32f4xx.o
 .debug_info    0x00003c85      0x3ee ..\obj\syscalls.o
 .debug_info    0x00004073      0x159 ..\obj\ccsbcs.o
 .debug_info    0x000041cc     0x1b0c ..\obj\ff.o
 .debug_info    0x00005cd8      0xadb ..\obj\stm32f4xx_spi.o

.debug_abbrev   0x00000000     0x1208
 .debug_abbrev  0x00000000       0xab ..\obj\semihosting.o
 .debug_abbrev  0x000000ab       0xb0 ..\obj\startup_stm32f4xx.o
 .debug_abbrev  0x0000015b      0x235 ..\obj\main.o
 .debug_abbrev  0x00000390      0x1e3 ..\obj\stm32f4xx_rcc.o
 .debug_abbrev  0x00000573      0x27e ..\obj\printf.o
 .debug_abbrev  0x000007f1      0x25f ..\obj\spi_sd.o
 .debug_abbrev  0x00000a50      0x1a3 ..\obj\stm32f4xx_gpio.o
 .debug_abbrev  0x00000bf3       0x14 ..\obj\sh_cmd.o
 .debug_abbrev  0x00000c07      0x136 ..\obj\system_stm32f4xx.o
 .debug_abbrev  0x00000d3d       0xe2 ..\obj\syscalls.o
 .debug_abbrev  0x00000e1f       0x97 ..\obj\ccsbcs.o
 .debug_abbrev  0x00000eb6      0x1eb ..\obj\ff.o
 .debug_abbrev  0x000010a1      0x167 ..\obj\stm32f4xx_spi.o

.debug_aranges  0x00000000      0x750
 .debug_aranges
                0x00000000       0x30 ..\obj\semihosting.o
 .debug_aranges
                0x00000030       0x28 ..\obj\startup_stm32f4xx.o
 .debug_aranges
                0x00000058       0x48 ..\obj\main.o
 .debug_aranges
                0x000000a0      0x178 ..\obj\stm32f4xx_rcc.o
 .debug_aranges
                0x00000218       0xa0 ..\obj\printf.o
 .debug_aranges
                0x000002b8       0xb8 ..\obj\spi_sd.o
 .debug_aranges
                0x00000370       0x88 ..\obj\stm32f4xx_gpio.o
 .debug_aranges
                0x000003f8       0x20 ..\obj\sh_cmd.o
 .debug_aranges
                0x00000418       0x30 ..\obj\system_stm32f4xx.o
 .debug_aranges
                0x00000448       0x60 ..\obj\syscalls.o
 .debug_aranges
                0x000004a8       0x28 ..\obj\ccsbcs.o
 .debug_aranges
                0x000004d0      0x1a0 ..\obj\ff.o
 .debug_aranges
                0x00000670       0xe0 ..\obj\stm32f4xx_spi.o

.debug_ranges   0x00000000      0x670
 .debug_ranges  0x00000000       0x20 ..\obj\semihosting.o
 .debug_ranges  0x00000020       0x18 ..\obj\startup_stm32f4xx.o
 .debug_ranges  0x00000038       0x38 ..\obj\main.o
 .debug_ranges  0x00000070      0x168 ..\obj\stm32f4xx_rcc.o
 .debug_ranges  0x000001d8       0x90 ..\obj\printf.o
 .debug_ranges  0x00000268       0xa8 ..\obj\spi_sd.o
 .debug_ranges  0x00000310       0x78 ..\obj\stm32f4xx_gpio.o
 .debug_ranges  0x00000388       0x20 ..\obj\system_stm32f4xx.o
 .debug_ranges  0x000003a8       0x50 ..\obj\syscalls.o
 .debug_ranges  0x000003f8       0x18 ..\obj\ccsbcs.o
 .debug_ranges  0x00000410      0x190 ..\obj\ff.o
 .debug_ranges  0x000005a0       0xd0 ..\obj\stm32f4xx_spi.o

.debug_line     0x00000000     0x2c9f
 .debug_line    0x00000000       0xa7 ..\obj\semihosting.o
 .debug_line    0x000000a7       0x9d ..\obj\startup_stm32f4xx.o
 .debug_line    0x00000144      0x337 ..\obj\main.o
 .debug_line    0x0000047b      0x52e ..\obj\stm32f4xx_rcc.o
 .debug_line    0x000009a9      0x395 ..\obj\printf.o
 .debug_line    0x00000d3e      0x4d7 ..\obj\spi_sd.o
 .debug_line    0x00001215      0x2d3 ..\obj\stm32f4xx_gpio.o
 .debug_line    0x000014e8       0x7e ..\obj\sh_cmd.o
 .debug_line    0x00001566      0x183 ..\obj\system_stm32f4xx.o
 .debug_line    0x000016e9      0x16f ..\obj\syscalls.o
 .debug_line    0x00001858       0xc2 ..\obj\ccsbcs.o
 .debug_line    0x0000191a      0xf9f ..\obj\ff.o
 .debug_line    0x000028b9      0x3e6 ..\obj\stm32f4xx_spi.o

.debug_str      0x00000000     0x1e13
 .debug_str     0x00000000      0x14d ..\obj\semihosting.o
                                0x186 (size before relaxing)
 .debug_str     0x0000014d       0xac ..\obj\startup_stm32f4xx.o
                                0x143 (size before relaxing)
 .debug_str     0x000001f9      0x5fd ..\obj\main.o
                                0x762 (size before relaxing)
 .debug_str     0x000007f6      0x655 ..\obj\stm32f4xx_rcc.o
                                0x822 (size before relaxing)
 .debug_str     0x00000e4b      0x495 ..\obj\printf.o
                                0x655 (size before relaxing)
 .debug_str     0x000012e0      0x158 ..\obj\spi_sd.o
                                0x479 (size before relaxing)
 .debug_str     0x00001438      0x19f ..\obj\stm32f4xx_gpio.o
                                0x475 (size before relaxing)
 .debug_str     0x000015d7      0x114 ..\obj\system_stm32f4xx.o
                                0x37c (size before relaxing)
 .debug_str     0x000016eb      0x138 ..\obj\syscalls.o
                                0x2c6 (size before relaxing)
 .debug_str     0x00001823       0x58 ..\obj\ccsbcs.o
                                0x140 (size before relaxing)
 .debug_str     0x0000187b      0x292 ..\obj\ff.o
                                0x633 (size before relaxing)
 .debug_str     0x00001b0d      0x306 ..\obj\stm32f4xx_spi.o
                                0x65c (size before relaxing)

.comment        0x00000000       0x70
 .comment       0x00000000       0x70 ..\obj\semihosting.o
                                 0x71 (size before relaxing)
 .comment       0x00000000       0x71 ..\obj\startup_stm32f4xx.o
 .comment       0x00000000       0x71 ..\obj\main.o
 .comment       0x00000000       0x71 ..\obj\stm32f4xx_rcc.o
 .comment       0x00000000       0x71 ..\obj\printf.o
 .comment       0x00000000       0x71 ..\obj\spi_sd.o
 .comment       0x00000000       0x71 ..\obj\stm32f4xx_gpio.o
 .comment       0x00000000       0x71 ..\obj\system_stm32f4xx.o
 .comment       0x00000000       0x71 ..\obj\syscalls.o
 .comment       0x00000000       0x71 ..\obj\ccsbcs.o
 .comment       0x00000000       0x71 ..\obj\ff.o
 .comment       0x00000000       0x71 ..\obj\stm32f4xx_spi.o

.ARM.attributes
                0x00000000       0x31
 .ARM.attributes
                0x00000000       0x33 ..\obj\semihosting.o
 .ARM.attributes
                0x00000033       0x33 ..\obj\startup_stm32f4xx.o
 .ARM.attributes
                0x00000066       0x33 ..\obj\main.o
 .ARM.attributes
                0x00000099       0x33 ..\obj\stm32f4xx_rcc.o
 .ARM.attributes
                0x000000cc       0x33 ..\obj\printf.o
 .ARM.attributes
                0x000000ff       0x33 ..\obj\spi_sd.o
 .ARM.attributes
                0x00000132       0x33 ..\obj\stm32f4xx_gpio.o
 .ARM.attributes
                0x00000165       0x21 ..\obj\sh_cmd.o
 .ARM.attributes
                0x00000186       0x33 ..\obj\system_stm32f4xx.o
 .ARM.attributes
                0x000001b9       0x33 ..\obj\syscalls.o
 .ARM.attributes
                0x000001ec       0x33 ..\obj\ccsbcs.o
 .ARM.attributes
                0x0000021f       0x33 ..\obj\ff.o
 .ARM.attributes
                0x00000252       0x33 ..\obj\stm32f4xx_spi.o
 .ARM.attributes
                0x00000285       0x2e c:/program files (x86)/gnu tools arm embedded/4.8 2013q4/bin/../lib/gcc/arm-none-eabi/4.8.3/../../../../arm-none-eabi/lib/armv7e-m\libc.a(lib_a-malloc.o)
 .ARM.attributes
                0x000002b3       0x2e c:/program files (x86)/gnu tools arm embedded/4.8 2013q4/bin/../lib/gcc/arm-none-eabi/4.8.3/../../../../arm-none-eabi/lib/armv7e-m\libc.a(lib_a-mallocr.o)
 .ARM.attributes
                0x000002e1       0x2e c:/program files (x86)/gnu tools arm embedded/4.8 2013q4/bin/../lib/gcc/arm-none-eabi/4.8.3/../../../../arm-none-eabi/lib/armv7e-m\libc.a(lib_a-mlock.o)
 .ARM.attributes
                0x0000030f       0x2e c:/program files (x86)/gnu tools arm embedded/4.8 2013q4/bin/../lib/gcc/arm-none-eabi/4.8.3/../../../../arm-none-eabi/lib/armv7e-m\libc.a(lib_a-sbrkr.o)
 .ARM.attributes
                0x0000033d       0x2e c:/program files (x86)/gnu tools arm embedded/4.8 2013q4/bin/../lib/gcc/arm-none-eabi/4.8.3/../../../../arm-none-eabi/lib/armv7e-m\libc.a(lib_a-strcat.o)
 .ARM.attributes
                0x0000036b       0x1c c:/program files (x86)/gnu tools arm embedded/4.8 2013q4/bin/../lib/gcc/arm-none-eabi/4.8.3/../../../../arm-none-eabi/lib/armv7e-m\libc.a(lib_a-strcmp.o)
 .ARM.attributes
                0x00000387       0x2e c:/program files (x86)/gnu tools arm embedded/4.8 2013q4/bin/../lib/gcc/arm-none-eabi/4.8.3/../../../../arm-none-eabi/lib/armv7e-m\libc.a(lib_a-strcpy.o)
 .ARM.attributes
                0x000003b5       0x2e c:/program files (x86)/gnu tools arm embedded/4.8 2013q4/bin/../lib/gcc/arm-none-eabi/4.8.3/../../../../arm-none-eabi/lib/armv7e-m\libc.a(lib_a-strlen.o)
 .ARM.attributes
                0x000003e3       0x2e c:/program files (x86)/gnu tools arm embedded/4.8 2013q4/bin/../lib/gcc/arm-none-eabi/4.8.3/../../../../arm-none-eabi/lib/armv7e-m\libc.a(lib_a-freer.o)
 .ARM.attributes
                0x00000411       0x2e c:/program files (x86)/gnu tools arm embedded/4.8 2013q4/bin/../lib/gcc/arm-none-eabi/4.8.3/../../../../arm-none-eabi/lib/armv7e-m\libc.a(lib_a-reent.o)

.debug_frame    0x00000000     0x18e4
 .debug_frame   0x00000000       0x70 ..\obj\semihosting.o
 .debug_frame   0x00000070       0x48 ..\obj\startup_stm32f4xx.o
 .debug_frame   0x000000b8       0xc8 ..\obj\main.o
 .debug_frame   0x00000180      0x4d8 ..\obj\stm32f4xx_rcc.o
 .debug_frame   0x00000658      0x248 ..\obj\printf.o
 .debug_frame   0x000008a0      0x254 ..\obj\spi_sd.o
 .debug_frame   0x00000af4      0x19c ..\obj\stm32f4xx_gpio.o
 .debug_frame   0x00000c90       0x64 ..\obj\system_stm32f4xx.o
 .debug_frame   0x00000cf4      0x108 ..\obj\syscalls.o
 .debug_frame   0x00000dfc       0x48 ..\obj\ccsbcs.o
 .debug_frame   0x00000e44      0x608 ..\obj\ff.o
 .debug_frame   0x0000144c      0x2d0 ..\obj\stm32f4xx_spi.o
 .debug_frame   0x0000171c       0x30 c:/program files (x86)/gnu tools arm embedded/4.8 2013q4/bin/../lib/gcc/arm-none-eabi/4.8.3/../../../../arm-none-eabi/lib/armv7e-m\libc.a(lib_a-malloc.o)
 .debug_frame   0x0000174c       0x38 c:/program files (x86)/gnu tools arm embedded/4.8 2013q4/bin/../lib/gcc/arm-none-eabi/4.8.3/../../../../arm-none-eabi/lib/armv7e-m\libc.a(lib_a-mallocr.o)
 .debug_frame   0x00001784       0x30 c:/program files (x86)/gnu tools arm embedded/4.8 2013q4/bin/../lib/gcc/arm-none-eabi/4.8.3/../../../../arm-none-eabi/lib/armv7e-m\libc.a(lib_a-mlock.o)
 .debug_frame   0x000017b4       0x2c c:/program files (x86)/gnu tools arm embedded/4.8 2013q4/bin/../lib/gcc/arm-none-eabi/4.8.3/../../../../arm-none-eabi/lib/armv7e-m\libc.a(lib_a-sbrkr.o)
 .debug_frame   0x000017e0       0x2c c:/program files (x86)/gnu tools arm embedded/4.8 2013q4/bin/../lib/gcc/arm-none-eabi/4.8.3/../../../../arm-none-eabi/lib/armv7e-m\libc.a(lib_a-strcat.o)
 .debug_frame   0x0000180c       0x20 c:/program files (x86)/gnu tools arm embedded/4.8 2013q4/bin/../lib/gcc/arm-none-eabi/4.8.3/../../../../arm-none-eabi/lib/armv7e-m\libc.a(lib_a-strcpy.o)
 .debug_frame   0x0000182c       0x20 c:/program files (x86)/gnu tools arm embedded/4.8 2013q4/bin/../lib/gcc/arm-none-eabi/4.8.3/../../../../arm-none-eabi/lib/armv7e-m\libc.a(lib_a-strlen.o)
 .debug_frame   0x0000184c       0x50 c:/program files (x86)/gnu tools arm embedded/4.8 2013q4/bin/../lib/gcc/arm-none-eabi/4.8.3/../../../../arm-none-eabi/lib/armv7e-m\libc.a(lib_a-freer.o)
 .debug_frame   0x0000189c       0x48 c:/program files (x86)/gnu tools arm embedded/4.8 2013q4/bin/../lib/gcc/arm-none-eabi/4.8.3/../../../../arm-none-eabi/lib/armv7e-m\libc.a(lib_a-reent.o)
